// Jest Snapshot v1, https://goo.gl/fbAQLP

exports[`should render Expense Dashboard page 1`] = `
<div>
  <Connect(ExpenseList) />
</div>
`;
